===== Membership Builder — Pricing audit =====
Generated (UTC): 2026-04-16T08:13:34.815Z
Generated (America/Los_Angeles): Thursday, April 16, 2026 at 1:13:34 AM PDT (America/Los_Angeles)
Unix time (ms): 1776327214815
Source file: C:\Users\Sam Work\Documents\Local Projects\online-sales-agent\Website\Website\Pages\Memberships (Category)\memberships\membership builder JS.js
Source size (bytes): 9755
SHA-256 (source): b830ba48f07c0e3663876994944b8b28599a503e1ee8d8fc96617f9ef1010dbe
Pricing digest (SHA-256, canonical JSON): 445afd9a2f9efbacd98581067ad72fe802f7e557db4a9383560ff8e5262dd822
Generator: Node v24.13.1 | win32 | nvde
Git: master @ 34c6d34 (working tree dirty)
Commit: 34c6d343fe74794275f0255091eb53b45b517136

--- Monthly dues (base) ---
Single — Tier 1: $220, Tier 2: $205, Tier 3: $190
Couple — Tier 1: $350, Tier 2: $335, Tier 3: $315
Family (monthly base by tier; same tiers as Single/Couple):
All child counts (1–6): Tier 1 $435, Tier 2 $405, Tier 3 $375

--- Food & beverage assessment (display minimums) ---
Single: $20
Couple: $40
Family: $60

--- Enrollment fees (before / after promo discount) ---
single: Tier 1 $400 → $300 | Tier 2 $350 → $250 | Tier 3 $300 → $200 (discount $100)
couple: Tier 1 $500 → $400 | Tier 2 $450 → $350 | Tier 3 $400 → $300 (discount $100)
family: Tier 1 $600 → $450 | Tier 2 $550 → $400 | Tier 3 $500 → $350 (discount $150)

--- Family monthly add-ons (logic in membership builder JS.js) ---
Base = family base for selected tier and child count (see tables).
If any child age is empty or invalid: monthly due = base only (no add-ons).
When all ages are filled, add-ons apply:
  • Age > 17: +$90 for 1st child; 2nd+ use 100 − (childIndex − 1) × 10 (2nd: +$80, 3rd: +$70, …).
  • Age 14–17: +$15 each.
  • If average age of all children ≤ 6 and at most 2 children: −$30 (one child) or −$20 (two children).
  • For 3rd+ child: if that child’s age > 4, +$20 each.
Final monthly due = base + additional charges (after the adjustments above).

End of audit (detail sections).

----- Audit record (closing) -----
Generated (UTC): 2026-04-16T08:13:34.815Z
Generated (America/Los_Angeles): Thursday, April 16, 2026 at 1:13:34 AM PDT (America/Los_Angeles)
Unix time (ms): 1776327214815
Source: C:\Users\Sam Work\Documents\Local Projects\online-sales-agent\Website\Website\Pages\Memberships (Category)\memberships\membership builder JS.js
Source size (bytes): 9755
SHA-256 (source): b830ba48f07c0e3663876994944b8b28599a503e1ee8d8fc96617f9ef1010dbe
Pricing digest (SHA-256): 445afd9a2f9efbacd98581067ad72fe802f7e557db4a9383560ff8e5262dd822
End of audit — same run as header; do not append by hand.